../oThirdParty/Src/ADC_NAU7802.c:11:11:NAU7802_WriteMemory	32	static
../oThirdParty/Src/ADC_NAU7802.c:24:11:NAU7802_ReadMemory	40	static
../oThirdParty/Src/ADC_NAU7802.c:37:11:NAU7802_ReadBit	24	static
../oThirdParty/Src/ADC_NAU7802.c:53:11:NAU7802_WriteBit	24	static
../oThirdParty/Src/ADC_NAU7802.c:70:11:NAU7802_ResetBit	24	static
../oThirdParty/Src/ADC_NAU7802.c:97:11:NAU7802_SetVLDO	32	static
../oThirdParty/Src/ADC_NAU7802.c:154:11:NAU7802_SetGain	32	static
../oThirdParty/Src/ADC_NAU7802.c:207:11:NAU7802_SetSampling	24	static
../oThirdParty/Src/ADC_NAU7802.c:239:11:NAU7802_Init	32	static
../oThirdParty/Src/ADC_NAU7802.c:380:11:NAU7802_DeInit	16	static
../oThirdParty/Src/ADC_NAU7802.c:405:11:NAU7802_IsDataReady	24	static
../oThirdParty/Src/ADC_NAU7802.c:424:11:NAU7802_ConversionStop	16	static
../oThirdParty/Src/ADC_NAU7802.c:435:11:NAU7802_ADCRead	32	static
../oThirdParty/Src/ADC_NAU7802.c:526:11:NAU7802_AnalogRead	56	static
../oThirdParty/Src/ADC_NAU7802.c:555:11:NAU7802_AnalogOverSampling	40	static
