../oThirdParty/Src/LoRa_RAK3172.c:19:6:RAK3172_ReceiveCallback	984	static
../oThirdParty/Src/LoRa_RAK3172.c:110:11:RAK3172_TimeStringToDT	56	static
../oThirdParty/Src/LoRa_RAK3172.c:138:10:RAK3172_MaxPayloadSize	16	static
../oThirdParty/Src/LoRa_RAK3172.c:158:11:RAK3172_GetDataRate	32	static
../oThirdParty/Src/LoRa_RAK3172.c:198:11:RAK3172_GetLocalTime	32	static
../oThirdParty/Src/LoRa_RAK3172.c:233:11:RAK3172_GetSignalQuality	24	static
../oThirdParty/Src/LoRa_RAK3172.c:281:11:RAK3172_JoinState	24	static
../oThirdParty/Src/LoRa_RAK3172.c:313:11:RAK3172_Transmit	40	static
../oThirdParty/Src/LoRa_RAK3172.c:437:11:RAK3172_Join	72	static
../oThirdParty/Src/LoRa_RAK3172.c:537:11:RAK3172_IsChangedConfig	32	static
../oThirdParty/Src/LoRa_RAK3172.c:736:11:RAK3172_SetConfig	72	static
../oThirdParty/Src/LoRa_RAK3172.c:967:11:RAK3172_Open	32	static
../oThirdParty/Src/LoRa_RAK3172.c:1256:11:RAK3172_Sleep	16	static
../oThirdParty/Src/LoRa_RAK3172.c:1276:11:RAK3172_Wakeup	16	static
../oThirdParty/Src/LoRa_RAK3172.c:1296:11:RAK3172_Close	8	static
../oThirdParty/Src/LoRa_RAK3172.c:1306:6:RAK3172	8	static
