../Core/Src/main.c:87:5:main	8	static
../Core/Src/main.c:138:6:SystemClock_Config	128	static
../Core/Src/main.c:191:13:MX_GPDMA1_Init	16	static
../Core/Src/main.c:229:13:MX_I2C1_Init	8	static
../Core/Src/main.c:277:13:MX_ICACHE_Init	8	static
../Core/Src/main.c:305:13:MX_SPI1_Init	24	static
../Core/Src/main.c:362:13:MX_USART1_UART_Init	8	static
../Core/Src/main.c:410:13:MX_USART3_UART_Init	8	static
../Core/Src/main.c:458:13:MX_GPIO_Init	48	static
../Core/Src/main.c:530:6:Error_Handler	4	static,ignoring_inline_asm
