../Core/Src/Mi_IoT.c:38:7:MiIoT_DataTypeToString	16	static
../Core/Src/Mi_IoT.c:65:7:MiIoT_SensorTypeToString	16	static
../Core/Src/Mi_IoT.c:97:6:IoT_MailBox_Sort	496	static
../Core/Src/Mi_IoT.c:136:20:MiIoT_MailBox_AddItem	24	static
../Core/Src/Mi_IoT.c:166:20:MiIoT_MailBox_GetLastItem	16	static
../Core/Src/Mi_IoT.c:171:20:MiIoT_MailBox_NewItem	488	static
../Core/Src/Mi_IoT.c:194:20:MiIoT_MailBox_GetItem	24	static
../Core/Src/Mi_IoT.c:217:6:MiIoT_MailBox_Remove	24	static
../Core/Src/Mi_IoT.c:244:20:MiIoT_MailBox_Find	24	static
../Core/Src/Mi_IoT.c:264:11:MiIoT_MailBox_IsExist	16	static
../Core/Src/Mi_IoT.c:269:9:MiIoT_IsSamplingTime	24	static
../Core/Src/Mi_IoT.c:306:6:MiIoT_LEDIndicator	8	static
../Core/Src/Mi_IoT.c:328:11:MiIoT_UpdateSampling	16	static
../Core/Src/Mi_IoT.c:400:11:MiIoT_UpdateMeasurement	16	static
../Core/Src/Mi_IoT.c:499:11:MiIoT_UpdateStatus	448	static
../Core/Src/Mi_IoT.c:568:6:MiIoT_Sleep	8	static
../Core/Src/Mi_IoT.c:635:6:MiIoT	16	static
