../OneLibrary/Src/ONE_Time.c:18:13:oTMR_Update	64	static
../OneLibrary/Src/ONE_Time.c:75:10:oTMR_GetTick	24	static
../OneLibrary/Src/ONE_Time.c:112:6:oTMR_SetTick	16	static
../OneLibrary/Src/ONE_Time.c:128:10:oTMR_Interval	24	static
../OneLibrary/Src/ONE_Time.c:142:9:oTMR_Elapsed	24	static
../OneLibrary/Src/ONE_Time.c:151:10:oTMR_CountDown	32	static
../OneLibrary/Src/ONE_Time.c:168:9:oTMR_Trigger	32	static
../OneLibrary/Src/ONE_Time.c:195:10:oTMR_Rand	24	static
../OneLibrary/Src/ONE_Time.c:217:10:oTMR_RandRange	32	static
../OneLibrary/Src/ONE_Time.c:235:16:oDT_UpdateNow	16	static
../OneLibrary/Src/ONE_Time.c:256:6:oDT_Reset	32	static
../OneLibrary/Src/ONE_Time.c:265:8:oDT_Compare	16	static
../OneLibrary/Src/ONE_Time.c:316:9:oDT_IsEmpty	16	static
../OneLibrary/Src/ONE_Time.c:343:9:oDT_IsTimeOver	16	static
../OneLibrary/Src/ONE_Time.c:351:6:oDT_SetNow	16	static
../OneLibrary/Src/ONE_Time.c:364:6:oDT_GetNow	32	static
../OneLibrary/Src/ONE_Time.c:373:10:oDT_Sub	40	static
../OneLibrary/Src/ONE_Time.c:381:10:oDT_Add	32	static
../OneLibrary/Src/ONE_Time.c:386:6:oDT_AddSec	40	static
../OneLibrary/Src/ONE_Time.c:396:6:oDT_AddMinute	40	static
../OneLibrary/Src/ONE_Time.c:406:6:oDT_AddHour	40	static
../OneLibrary/Src/ONE_Time.c:416:6:oDT_AddDay	40	static
../OneLibrary/Src/ONE_Time.c:426:10:oDT_ToUnixTime	72	static
../OneLibrary/Src/ONE_Time.c:465:16:oDT_FromUnixTime	40	static
../OneLibrary/Src/ONE_Time.c:514:9:oDT_ElapsedSec	24	static
../OneLibrary/Src/ONE_Time.c:532:9:oDT_ElapsedMin	16	static
../OneLibrary/Src/ONE_Time.c:536:9:oDT_ElapsedHour	16	static
../OneLibrary/Src/ONE_Time.c:540:9:oDT_ElapsedDay	24	static
