../OneLibrary/Src/ONE_ATCommend.c:21:13:oAT_UartRecovery	16	static
../OneLibrary/Src/ONE_ATCommend.c:55:10:oAT_ReceiveCopyTo	32	static
../OneLibrary/Src/ONE_ATCommend.c:80:9:oAT_ReceiveResponse	24	static
../OneLibrary/Src/ONE_ATCommend.c:120:9:oAT_ReadLine	56	static
../OneLibrary/Src/ONE_ATCommend.c:178:9:oAT_Read	32	static
../OneLibrary/Src/ONE_ATCommend.c:231:6:oAT_ReceiveFromDMA	16	static
../OneLibrary/Src/ONE_ATCommend.c:264:13:oAT_TransmitSerialize	32	static
../OneLibrary/Src/ONE_ATCommend.c:281:13:oAT_TransmitBuffer	24	static
../OneLibrary/Src/ONE_ATCommend.c:331:13:oAT_WaitForResponse	32	static
../OneLibrary/Src/ONE_ATCommend.c:371:13:oAT_TransmitData	32	static
../OneLibrary/Src/ONE_ATCommend.c:411:13:oAT_TransmitCommend	32	static
../OneLibrary/Src/ONE_ATCommend.c:497:13:oAT_TransmitCommendWithData	32	static
../OneLibrary/Src/ONE_ATCommend.c:575:13:oAT_Close	16	static
../OneLibrary/Src/ONE_ATCommend.c:590:13:oAT_Open	16	static
../OneLibrary/Src/ONE_ATCommend.c:646:6:oAT_Proc	16	static
